// Jest Snapshot v1, https://goo.gl/fbAQLP

exports[`Prueba en <GifGrid/> debe hacer match con el snapshot 1`] = `
<div>
  <h3>
    One Punch
  </h3>
  <div
    class="card-grid"
  />
</div>
`;
